H:\ftcdocs-ja\docs\source\apriltag\vision_portal\visionportal_overview\visionportal-overview.rst:61: WARNING: Inline interpreted text or phrase reference start-string without end-string.
H:\ftcdocs-ja\docs\source\booklets\advanced.rst:9: WARNING: Explicit markup ends without a blank line; unexpected unindent.
H:\ftcdocs-ja\docs\source\booklets\apriltags.rst:9: WARNING: Explicit markup ends without a blank line; unexpected unindent.
H:\ftcdocs-ja\docs\source\booklets\control_system.rst:9: WARNING: Explicit markup ends without a blank line; unexpected unindent.
H:\ftcdocs-ja\docs\source\booklets\sdk.rst:9: WARNING: Explicit markup ends without a blank line; unexpected unindent.
H:\ftcdocs-ja\docs\source\contrib\style_guide\style-guide.rst:96: WARNING: Explicit markup ends without a blank line; unexpected unindent.
H:\ftcdocs-ja\docs\source\contrib\style_guide\style-guide.rst:121: WARNING: Block quote ends without a blank line; unexpected unindent.
H:\ftcdocs-ja\docs\source\contrib\style_guide\style-guide.rst:126: WARNING: Block quote ends without a blank line; unexpected unindent.
H:\ftcdocs-ja\docs\source\contrib\style_guide\style-guide.rst:303: WARNING: Explicit markup ends without a blank line; unexpected unindent.
H:\ftcdocs-ja\docs\source\contrib\style_guide\style-guide.rst:98: WARNING: image file not readable: contrib/style_guide/images/BlocksPicture1.jpg
H:\ftcdocs-ja\docs\source\contrib\style_guide\style-guide.rst:: WARNING: image file not readable: contrib/style_guide/images/examplemulticolorplates.png
H:\ftcdocs-ja\docs\source\control_hard_compon\ds_components\components\components.rst:: ERROR: Anonymous hyperlink mismatch: 1 references but 0 targets.
See "backrefs" attribute for IDs.
H:\ftcdocs-ja\docs\source\control_hard_compon\rc_components\motors\motors.rst:58: WARNING: The parent of a 'grid-item' should be a 'grid-row' [design.grid]
H:\ftcdocs-ja\docs\source\control_hard_compon\rc_components\motors\motors.rst:75: WARNING: The parent of a 'grid-item' should be a 'grid-row' [design.grid]
H:\ftcdocs-ja\docs\source\control_hard_compon\rc_components\servos\servos.rst:24: WARNING: The parent of a 'grid-item' should be a 'grid-row' [design.grid]
H:\ftcdocs-ja\docs\source\control_hard_compon\rc_components\servos\servos.rst:41: WARNING: The parent of a 'grid-item' should be a 'grid-row' [design.grid]
H:\ftcdocs-ja\docs\source\control_hard_compon\rc_components\uvc\uvc.rst:27: WARNING: The parent of a 'grid-item' should be a 'grid-row' [design.grid]
H:\ftcdocs-ja\docs\source\devices\huskylens\huskylens.rst:38: WARNING: Bullet list ends without a blank line; unexpected unindent.
H:\ftcdocs-ja\docs\source\hardware_and_software_configuration\self_inspect\new-self-inspect.rst:10: WARNING: Inline interpreted text or phrase reference start-string without end-string.
H:\ftcdocs-ja\docs\source\hardware_and_software_configuration\self_inspect\new-self-inspect.rst:103: WARNING: Inline interpreted text or phrase reference start-string without end-string.
H:\ftcdocs-ja\docs\source\persona_pages\coach_admin\coach_admin.rst:58: WARNING: The parent of a 'grid-item' should be a 'grid-row' [design.grid]
H:\ftcdocs-ja\docs\source\persona_pages\coach_admin\coach_admin.rst:91: WARNING: The parent of a 'grid-item' should be a 'grid-row' [design.grid]
H:\ftcdocs-ja\docs\source\persona_pages\coach_admin\coach_admin.rst:114: WARNING: The parent of a 'grid-item' should be a 'grid-row' [design.grid]
H:\ftcdocs-ja\docs\source\persona_pages\coach_admin\coach_admin.rst:137: WARNING: The parent of a 'grid-item' should be a 'grid-row' [design.grid]
H:\ftcdocs-ja\docs\source\persona_pages\mentor_tech\mentor_tech.rst:56: WARNING: The parent of a 'grid-item' should be a 'grid-row' [design.grid]
H:\ftcdocs-ja\docs\source\persona_pages\mentor_tech\mentor_tech.rst:79: WARNING: The parent of a 'grid-item' should be a 'grid-row' [design.grid]
H:\ftcdocs-ja\docs\source\persona_pages\rookie_teams\rookie_teams.rst:58: WARNING: The parent of a 'grid-item' should be a 'grid-row' [design.grid]
H:\ftcdocs-ja\docs\source\persona_pages\rookie_teams\rookie_teams.rst:103: WARNING: The parent of a 'grid-item' should be a 'grid-row' [design.grid]
H:\ftcdocs-ja\docs\source\persona_pages\rookie_teams\rookie_teams.rst:165: WARNING: The parent of a 'grid-item' should be a 'grid-row' [design.grid]
H:\ftcdocs-ja\docs\source\persona_pages\rookie_teams\rookie_teams.rst:209: WARNING: The parent of a 'grid-item' should be a 'grid-row' [design.grid]
H:\ftcdocs-ja\docs\source\persona_pages\rookie_teams\rookie_teams.rst:233: WARNING: The parent of a 'grid-item' should be a 'grid-row' [design.grid]
H:\ftcdocs-ja\docs\source\persona_pages\rookie_teams\rookie_teams.rst:257: WARNING: The parent of a 'grid-item' should be a 'grid-row' [design.grid]
H:\ftcdocs-ja\docs\source\persona_pages\rookie_teams\rookie_teams.rst:281: WARNING: The parent of a 'grid-item' should be a 'grid-row' [design.grid]
H:\ftcdocs-ja\docs\source\persona_pages\rookie_teams\rookie_teams.rst:305: WARNING: The parent of a 'grid-item' should be a 'grid-row' [design.grid]
H:\ftcdocs-ja\docs\source\persona_pages\veteran_teams\veteran_teams.rst:63: WARNING: The parent of a 'grid-item' should be a 'grid-row' [design.grid]
H:\ftcdocs-ja\docs\source\persona_pages\veteran_teams\veteran_teams.rst:87: WARNING: The parent of a 'grid-item' should be a 'grid-row' [design.grid]
H:\ftcdocs-ja\docs\source\persona_pages\veteran_teams\veteran_teams.rst:111: WARNING: The parent of a 'grid-item' should be a 'grid-row' [design.grid]
H:\ftcdocs-ja\docs\source\programming_resources\shared\program_and_manage_network\Connecting-a-Laptop-to-the-Program-&-Manage-Network.rst:5: WARNING: duplicate label programming_resources/shared/program_and_manage_network/connecting-a-laptop-to-the-program-&-manage-network:ラップトップを program & manage ネットワークに接続する, other instance in H:\ftcdocs-ja\docs\source\programming_resources\shared\program_and_manage_network\Connecting-a-Laptop-to-the-Program-&-Manage-Network.rst
H:\ftcdocs-ja\docs\source\programming_resources\tutorial_specific\android_studio\creating_op_modes\Creating-and-Running-an-Op-Mode-(Android-Studio).rst:281: WARNING: Inline literal start-string without end-string.
H:\ftcdocs-ja\docs\source\programming_resources\tutorial_specific\android_studio\fork_and_clone_github_repository\Fork-and-Clone-From-GitHub.rst:12: WARNING: Inline interpreted text or phrase reference start-string without end-string.
H:\ftcdocs-ja\docs\source\programming_resources\tutorial_specific\android_studio\fork_and_clone_github_repository\Fork-and-Clone-From-GitHub.rst:17: WARNING: Inline interpreted text or phrase reference start-string without end-string.
H:\ftcdocs-ja\docs\source\programming_resources\tutorial_specific\android_studio\fork_and_clone_github_repository\Fork-and-Clone-From-GitHub.rst:38: WARNING: Inline interpreted text or phrase reference start-string without end-string.
H:\ftcdocs-ja\docs\source\programming_resources\tutorial_specific\android_studio\fork_and_clone_github_repository\Fork-and-Clone-From-GitHub.rst:40: WARNING: Inline interpreted text or phrase reference start-string without end-string.
H:\ftcdocs-ja\docs\source\programming_resources\tutorial_specific\android_studio\fork_and_clone_github_repository\Fork-and-Clone-From-GitHub.rst:180: WARNING: Inline emphasis start-string without end-string.
looking for now-outdated files... none found
pickling environment... done
checking consistency... H:\ftcdocs-ja\docs\source\apriltag\vision_portal\apriltag_advanced_use\apriltag-advanced-use.rst: WARNING: document isn't included in any toctree
H:\ftcdocs-ja\docs\source\apriltag\vision_portal\apriltag_camera_calibration\apriltag-camera-calibration.rst: WARNING: document isn't included in any toctree
H:\ftcdocs-ja\docs\source\apriltag\vision_portal\apriltag_id_code\apriltag-id-code.rst: WARNING: document isn't included in any toctree
H:\ftcdocs-ja\docs\source\apriltag\vision_portal\apriltag_library\apriltag-library.rst: WARNING: document isn't included in any toctree
H:\ftcdocs-ja\docs\source\apriltag\vision_portal\apriltag_metadata\apriltag-metadata.rst: WARNING: document isn't included in any toctree
H:\ftcdocs-ja\docs\source\apriltag\vision_portal\apriltag_pose\apriltag-pose.rst: WARNING: document isn't included in any toctree
H:\ftcdocs-ja\docs\source\apriltag\vision_portal\apriltag_reference_frame\apriltag-reference-frame.rst: WARNING: document isn't included in any toctree
H:\ftcdocs-ja\docs\source\apriltag\vision_portal\vision_multiportal\vision-multiportal.rst: WARNING: document isn't included in any toctree
H:\ftcdocs-ja\docs\source\apriltag\vision_portal\vision_processor_init\vision-processor-init.rst: WARNING: document isn't included in any toctree
H:\ftcdocs-ja\docs\source\apriltag\vision_portal\visionportal_camera_controls\visionportal-camera-controls.rst: WARNING: document isn't included in any toctree
H:\ftcdocs-ja\docs\source\apriltag\vision_portal\visionportal_cpu_and_bandwidth\visionportal-cpu-and-bandwidth.rst: WARNING: document isn't included in any toctree
H:\ftcdocs-ja\docs\source\apriltag\vision_portal\visionportal_init\visionportal-init.rst: WARNING: document isn't included in any toctree
H:\ftcdocs-ja\docs\source\apriltag\vision_portal\visionportal_previews\visionportal-previews.rst: WARNING: document isn't included in any toctree
H:\ftcdocs-ja\docs\source\contrib\tutorials\glossary\glossary.rst: WARNING: document isn't included in any toctree
done
preparing documents... done
writing output... [100%] tos/tos                                               ractice-timerntenanceposurenBot-Java)e-Infoode-(OnBot-Java)bo-Project-Folder
H:\ftcdocs-ja\docs\source\apriltag\vision_portal\apriltag_camera_calibration\apriltag-camera-calibration.rst:30: WARNING: undefined label: programming_resources/shared/myblocks/index:custom blocks (myblocks)
H:\ftcdocs-ja\docs\source\apriltag\vision_portal\apriltag_intro\apriltag-intro.rst:145: WARNING: undefined label: hardware_and_software_configuration/configuring/configuring_external_webcam/configuring-external-webcam:image preview
H:\ftcdocs-ja\docs\source\apriltag\vision_portal\apriltag_intro\apriltag-intro.rst:151: WARNING: undefined label: hardware_and_software_configuration/configuring/configuring_external_webcam/configuring-external-webcam:image preview
H:\ftcdocs-ja\docs\source\apriltag\vision_portal\visionportal_camera_controls\visionportal-camera-controls.rst:9: WARNING: undefined label: programming_resources/vision/webcam_controls/index:webcam controls
H:\ftcdocs-ja\docs\source\apriltag\vision_portal\visionportal_camera_controls\visionportal-camera-controls.rst:80: WARNING: undefined label: programming_resources/vision/webcam_controls/index:webcam controls
H:\ftcdocs-ja\docs\source\apriltag\vision_portal\visionportal_cpu_and_bandwidth\visionportal-cpu-and-bandwidth.rst:78: WARNING: undefined label: hardware_and_software_configuration/configuring/configuring_external_webcam/configuring-external-webcam:image preview
H:\ftcdocs-ja\docs\source\apriltag\vision_portal\visionportal_previews\visionportal-previews.rst:29: WARNING: undefined label: hardware_and_software_configuration/configuring/configuring_external_webcam/configuring-external-webcam:image preview
H:\ftcdocs-ja\docs\source\apriltag\vision_portal\visionportal_previews\visionportal-previews.rst:69: WARNING: undefined label: programming_resources/vision/webcam_controls/index:webcam controls
H:\ftcdocs-ja\docs\source\apriltag\vision_portal\visionportal_webcams\visionportal-webcams.rst:4: WARNING: undefined label: apriltag/vision_portal/visionportal_overview/visionportal-overview:visionportal overview
H:\ftcdocs-ja\docs\source\color_processing\color-locator-explore\color-locator-explore.rst:40: WARNING: undefined label: apriltag/vision_portal/visionportal_overview/visionportal-overview:visionportal overview
H:\ftcdocs-ja\docs\source\color_processing\color-locator-round-blobs\color-locator-round-blobs.rst:231: WARNING: undefined label: programming_resources/vision/webcam_controls/index:webcam controls
H:\ftcdocs-ja\docs\source\contrib\style_guide\style-guide.rst:322: WARNING: undefined label: control_hard_compon/rc_components/index:robot controller overview
H:\ftcdocs-ja\docs\source\contrib\style_guide\style-guide.rst:646: WARNING: undefined label: control_hard_compon/rc_components/index:robot controller overview
H:\ftcdocs-ja\docs\source\control_hard_compon\rc_components\encoders\encoders.rst:49: WARNING: undefined label: control_hard_compon/rc_components/hub/ports/exh-ports:encoder ports
H:\ftcdocs-ja\docs\source\control_hard_compon\rc_components\motors\motors.rst:99: WARNING: undefined label: control_hard_compon/rc_components/hub/ports/ch-ports:motor ports
H:\ftcdocs-ja\docs\source\control_hard_compon\rc_components\motors\motors.rst:100: WARNING: undefined label: hardware_and_software_configuration/connecting_devices/connecting_motor/connecting-motor:connecting a motor to the hub
H:\ftcdocs-ja\docs\source\control_hard_compon\rc_components\motors\motors.rst:101: WARNING: undefined label: hardware_and_software_configuration/configuring/configuring_dc_motor/configuring-dc-motor:configuring a dc motor
H:\ftcdocs-ja\docs\source\control_hard_compon\rc_components\sensors\sensors.rst:387: WARNING: undefined label: control_hard_compon/rc_components/hub/ports/ch-ports:analog ports
H:\ftcdocs-ja\docs\source\control_hard_compon\rc_components\sensors\sensors.rst:388: WARNING: undefined label: control_hard_compon/rc_components/hub/ports/ch-ports:digital ports
H:\ftcdocs-ja\docs\source\control_hard_compon\rc_components\sensors\sensors.rst:389: WARNING: undefined label: control_hard_compon/rc_components/hub/ports/ch-ports:i2c ports
H:\ftcdocs-ja\docs\source\control_hard_compon\rc_components\servos\servos.rst:67: WARNING: undefined label: control_hard_compon/rc_components/hub/ports/ch-ports:servo ports
H:\ftcdocs-ja\docs\source\control_hard_compon\rc_components\servos\servos.rst:68: WARNING: undefined label: hardware_and_software_configuration/connecting_devices/connecting_servo/connecting-servo:connecting a servo to the hub
H:\ftcdocs-ja\docs\source\control_hard_compon\rc_components\servos\servos.rst:69: WARNING: undefined label: hardware_and_software_configuration/configuring/configuring_servo/configuring-servo:configuring a servo
H:\ftcdocs-ja\docs\source\control_hard_compon\rc_components\servos\servos.rst:70: WARNING: undefined label: control_hard_compon/rc_components/power_distr/power-distr:rev servo power module
H:\ftcdocs-ja\docs\source\control_hard_compon\rc_components\uvc\uvc.rst:56: WARNING: undefined label: hardware_and_software_configuration/configuring/configuring_uvc_camera/configuring-uvc-camera:configuring an external uvc camera and a powered usb hub
H:\ftcdocs-ja\docs\source\control_hard_compon\rc_components\uvc\uvc.rst:57: WARNING: undefined label: hardware_and_software_configuration/configuring/configuring_external_webcam/configuring-external-webcam:configuring an external webcam with a control hub
H:\ftcdocs-ja\docs\source\control_hard_compon\rc_components\uvc\uvc.rst:58: WARNING: undefined label: control_hard_compon/rc_components/hub/ports/ch-ports:usb ports
H:\ftcdocs-ja\docs\source\control_hard_compon\rc_components\uvc\uvc.rst:59: WARNING: undefined label: programming_resources/index:vision programming
H:\ftcdocs-ja\docs\source\devices\huskylens\huskylens.rst:22: WARNING: undefined label: apriltag/vision_portal/visionportal_overview/visionportal-overview:visionportal overview
H:\ftcdocs-ja\docs\source\devices\huskylens\huskylens.rst:127: WARNING: undefined label: apriltag/vision_portal/visionportal_overview/visionportal-overview:visionportal overview
H:\ftcdocs-ja\docs\source\game_specific_resources\field_coordinate_system\field-coordinate-system.rst:188: WARNING: undefined label: apriltag/vision_portal/apriltag_intro/apriltag-intro:apriltag introduction
H:\ftcdocs-ja\docs\source\hardware_and_software_configuration\configuring\configuring_dc_motor\configuring-dc-motor.rst:6: WARNING: undefined label: hardware_and_software_configuration/configuring/saving_config/saving-config:saving the configuration information
H:\ftcdocs-ja\docs\source\programming_resources\shared\choosing_program_lang\choosing-program-lang.rst:7: WARNING: undefined label: programming_resources/blocks/blocks-tutorial:blocks programming tutorial
H:\ftcdocs-ja\docs\source\programming_resources\shared\configuring_android\Configuring-Your-Android-Devices.rst:58: WARNING: undefined label: programming_resources/shared/managing_smartphone_rc/managing-a-smartphone-robot-controller:changing the name
H:\ftcdocs-ja\docs\source\programming_resources\shared\configuring_android\Configuring-Your-Android-Devices.rst:60: WARNING: undefined label: programming_resources/shared/managing_smartphone_ds/managing-a-smartphone-driver-station:changing the name
H:\ftcdocs-ja\docs\source\programming_resources\shared\configuring_android\Configuring-Your-Android-Devices.rst:119: WARNING: undefined label: ftc_sdk/updating/rc_app/updating-the-rc-app:updating the robot controller (rc) app
H:\ftcdocs-ja\docs\source\programming_resources\shared\configuring_android\Configuring-Your-Android-Devices.rst:121: WARNING: undefined label: ftc_sdk/updating/ds_app/updating-the-ds-app:updating the driver station app
H:\ftcdocs-ja\docs\source\programming_resources\shared\configuring_android\Configuring-Your-Android-Devices.rst:135: WARNING: undefined label: programming_resources/shared/managing_smartphone_rc/managing-a-smartphone-robot-controller:updating the robot controller app
H:\ftcdocs-ja\docs\source\programming_resources\shared\configuring_android\Configuring-Your-Android-Devices.rst:135: WARNING: undefined label: programming_resources/shared/managing_smartphone_ds/managing-a-smartphone-driver-station:updating the driver station app
H:\ftcdocs-ja\docs\source\programming_resources\shared\external_libraries_blocks\external-libraries-blocks.rst:161: WARNING: undefined label: programming_resources/shared/myblocks/index:custom blocks (myblocks)
H:\ftcdocs-ja\docs\source\programming_resources\shared\external_libraries_blocks\external-libraries-blocks.rst:310: WARNING: undefined label: programming_resources/shared/myblocks/index:custom blocks (myblocks)
H:\ftcdocs-ja\docs\source\programming_resources\shared\managing_control_hub\Managing-a-Control-Hub.rst:9: WARNING: undefined label: programming_resources/shared/managing_smartphone_rc/managing-a-smartphone-robot-controller:changing the name
H:\ftcdocs-ja\docs\source\programming_resources\shared\managing_smartphone_ds\Managing-a-Smartphone-Driver-Station.rst:26: WARNING: undefined label: programming_resources/shared/configuring_android/configuring-your-android-devices:renaming your smartphones
H:\ftcdocs-ja\docs\source\programming_resources\shared\managing_smartphone_rc\Managing-a-Smartphone-Robot-Controller.rst:11: WARNING: undefined label: programming_resources/shared/configuring_android/configuring-your-android-devices:renaming your smartphones
H:\ftcdocs-ja\docs\source\programming_resources\shared\myblocks\annotation\annotation.rst:13: WARNING: undefined label: programming_resources/shared/myblocks/hardware_example/hardware-example:hardware example: control a servo
H:\ftcdocs-ja\docs\source\programming_resources\shared\myblocks\editing\editing.rst:16: WARNING: undefined label: programming_resources/shared/myblocks/method_example/method-example:example: non-myblock methods
H:\ftcdocs-ja\docs\source\programming_resources\shared\myblocks\intro\intro.rst:31: WARNING: undefined label: programming_resources/onbot_java/onbot-java-tutorial:onbot java programming tutorial
H:\ftcdocs-ja\docs\source\programming_resources\shared\myblocks\intro\intro.rst:31: WARNING: undefined label: programming_resources/android_studio_java/android-studio-tutorial:android studio programming tutorial
H:\ftcdocs-ja\docs\source\programming_resources\shared\myblocks\parameter\parameter.rst:13: WARNING: undefined label: programming_resources/shared/myblocks/hardware_example/hardware-example:hardware example: control a servo
H:\ftcdocs-ja\docs\source\programming_resources\vision\webcam_controls\overview\overview.rst:25: WARNING: undefined label: programming_resources/blocks/blocks-tutorial:blocks programming tutorial
H:\ftcdocs-ja\docs\source\tech_tips\tech-tips.rst:741: WARNING: undefined label: programming_resources/tutorial_specific/android_studio/fork_and_clone_github_repository/fork-and-clone-from-github:forks vs. clones
H:\ftcdocs-ja\docs\source\tech_tips\tech-tips.rst:1260: WARNING: undefined label: programming_resources/shared/pidf_coefficients/pidf-coefficients:changing pidf coefficients
H:\ftcdocs-ja\docs\source\tech_tips\tech-tips.rst:1320: WARNING: undefined label: ftc_sdk/updating/ds_app/updating-the-ds-app:updating the driver station app
H:\ftcdocs-ja\docs\source\tech_tips\tech-tips.rst:1623: WARNING: undefined label: programming_resources/tutorial_specific/blocks/managing_opmodes/managing-opmodes:downloading an opmode
H:\ftcdocs-ja\docs\source\tech_tips\tech-tips.rst:1641: WARNING: undefined label: programming_resources/shared/auto_load_opmode/auto-load-opmode:automatically loading a driver controlled op mode
H:\ftcdocs-ja\docs\source\tech_tips\tech-tips.rst:1641: WARNING: undefined label: programming_resources/shared/auto_load_opmode/auto-load-opmode:automatically loading a driver controlled op mode
H:\ftcdocs-ja\docs\source\tech_tips\tech-tips.rst:1692: WARNING: undefined label: devices/huskylens/huskylens:huskylens intro for *first* tech challenge
H:\ftcdocs-ja\docs\source\tech_tips\tech-tips.rst:1705: WARNING: undefined label: hardware_and_software_configuration/self_inspect/new-self-inspect:*first* tech challenge self-inspect
H:\ftcdocs-ja\docs\source\tech_tips\tech-tips.rst:1943: WARNING: undefined label: control_hard_compon/ds_components/index:driver station overview
H:\ftcdocs-ja\docs\source\tech_tips\tech-tips.rst:1943: WARNING: undefined label: control_hard_compon/rc_components/index:robot controller overview
H:\ftcdocs-ja\docs\source\tech_tips\tech-tips.rst:2015: WARNING: undefined label: programming_resources/android_studio_java/android-studio-tutorial:android studio programming tutorial
H:\ftcdocs-ja\docs\source\tech_tips\tech-tips.rst:2015: WARNING: undefined label: ftc_sdk/updating/rc_app/updating-the-rc-app:updating the robot controller (rc) app
H:\ftcdocs-ja\docs\source\tech_tips\tech-tips.rst:2030: WARNING: undefined label: control_hard_compon/rc_components/power_distr/power-distr:robot main battery